
Running 8 tests using 8 workers

  Γ£ÿ  1 [chromium] ΓÇ║ qa-i18n\tests\quality-gate.spec.ts:60:17 ΓÇ║ Quality Gate - Core Navigation & UI ΓÇ║ Locale: en ΓÇ║ initial block load & layout integrity (5.5s)
  Γ£ÿ  3 [chromium] ΓÇ║ qa-i18n\tests\quality-gate.spec.ts:60:17 ΓÇ║ Quality Gate - Core Navigation & UI ΓÇ║ Locale: fr ΓÇ║ initial block load & layout integrity (5.4s)
  Γ£ÿ  5 [chromium] ΓÇ║ qa-i18n\tests\quality-gate.spec.ts:60:17 ΓÇ║ Quality Gate - Core Navigation & UI ΓÇ║ Locale: zh ΓÇ║ initial block load & layout integrity (5.4s)
  Γ£ÿ  2 [chromium] ΓÇ║ qa-i18n\tests\quality-gate.spec.ts:60:17 ΓÇ║ Quality Gate - Core Navigation & UI ΓÇ║ Locale: es ΓÇ║ initial block load & layout integrity (5.5s)
  Γ£ÿ  8 [chromium] ΓÇ║ qa-i18n\tests\quality-gate.spec.ts:60:17 ΓÇ║ Quality Gate - Core Navigation & UI ΓÇ║ Locale: ko ΓÇ║ initial block load & layout integrity (5.4s)
  Γ£ÿ  7 [chromium] ΓÇ║ qa-i18n\tests\quality-gate.spec.ts:60:17 ΓÇ║ Quality Gate - Core Navigation & UI ΓÇ║ Locale: hi ΓÇ║ initial block load & layout integrity (5.5s)
  Γ£ÿ  6 [chromium] ΓÇ║ qa-i18n\tests\quality-gate.spec.ts:60:17 ΓÇ║ Quality Gate - Core Navigation & UI ΓÇ║ Locale: ja ΓÇ║ initial block load & layout integrity (5.5s)
  Γ£ÿ  4 [chromium] ΓÇ║ qa-i18n\tests\quality-gate.spec.ts:60:17 ΓÇ║ Quality Gate - Core Navigation & UI ΓÇ║ Locale: de ΓÇ║ initial block load & layout integrity (5.5s)


  1) [chromium] ΓÇ║ qa-i18n\tests\quality-gate.spec.ts:60:17 ΓÇ║ Quality Gate - Core Navigation & UI ΓÇ║ Locale: en ΓÇ║ initial block load & layout integrity 

    Error: Console Errors found: Loading the script 'https://va.vercel-scripts.com/v1/script.debug.js' violates the following Content Security Policy directive: "script-src 'self' 'unsafe-inline' https://vercel.live https://*.vercel.live https://vercel.com https://*.vercel.com 'unsafe-eval'". Note that 'script-src-elem' was not explicitly set, so 'script-src' is used as a fallback. The action has been blocked.

      52 |                     const errorMsg = `Console Errors found: ${consoleErrors.join(', ')}`;
      53 |                     consoleErrors.length = 0;
    > 54 |                     throw new Error(errorMsg);
         |                           ^
      55 |                 }
      56 |             });
      57 |
        at C:\Users\SOHAN\.gemini\antigravity\playground\nascent-zodiac\qa-i18n\tests\quality-gate.spec.ts:54:27

    attachment #1: screenshot (image/png) ΓöÇΓöÇΓöÇΓöÇΓöÇΓöÇΓöÇΓöÇΓöÇΓöÇΓöÇΓöÇΓöÇΓöÇΓöÇΓöÇΓöÇΓöÇΓöÇΓöÇΓöÇΓöÇΓöÇΓöÇΓöÇΓöÇΓöÇΓöÇΓöÇΓöÇΓöÇΓöÇΓöÇΓöÇΓöÇΓöÇΓöÇΓöÇΓöÇΓöÇΓöÇΓöÇΓöÇΓöÇΓöÇΓöÇΓöÇΓöÇΓöÇΓöÇΓöÇΓöÇΓöÇΓöÇΓöÇΓöÇΓöÇΓöÇ
    test-results\quality-gate-Quality-Gate--ba5e4-block-load-layout-integrity-chromium\test-failed-1.png
    ΓöÇΓöÇΓöÇΓöÇΓöÇΓöÇΓöÇΓöÇΓöÇΓöÇΓöÇΓöÇΓöÇΓöÇΓöÇΓöÇΓöÇΓöÇΓöÇΓöÇΓöÇΓöÇΓöÇΓöÇΓöÇΓöÇΓöÇΓöÇΓöÇΓöÇΓöÇΓöÇΓöÇΓöÇΓöÇΓöÇΓöÇΓöÇΓöÇΓöÇΓöÇΓöÇΓöÇΓöÇΓöÇΓöÇΓöÇΓöÇΓöÇΓöÇΓöÇΓöÇΓöÇΓöÇΓöÇΓöÇΓöÇΓöÇΓöÇΓöÇΓöÇΓöÇΓöÇΓöÇΓöÇΓöÇΓöÇΓöÇΓöÇΓöÇΓöÇΓöÇΓöÇΓöÇΓöÇΓöÇΓöÇΓöÇΓöÇΓöÇΓöÇΓöÇΓöÇΓöÇΓöÇΓöÇΓöÇΓöÇΓöÇΓöÇΓöÇΓöÇΓöÇΓöÇΓöÇΓöÇ

    Error Context: test-results\quality-gate-Quality-Gate--ba5e4-block-load-layout-integrity-chromium\error-context.md

  2) [chromium] ΓÇ║ qa-i18n\tests\quality-gate.spec.ts:60:17 ΓÇ║ Quality Gate - Core Navigation & UI ΓÇ║ Locale: es ΓÇ║ initial block load & layout integrity 

    Error: Console Errors found: Loading the script 'https://va.vercel-scripts.com/v1/script.debug.js' violates the following Content Security Policy directive: "script-src 'self' 'unsafe-inline' https://vercel.live https://*.vercel.live https://vercel.com https://*.vercel.com 'unsafe-eval'". Note that 'script-src-elem' was not explicitly set, so 'script-src' is used as a fallback. The action has been blocked.

      52 |                     const errorMsg = `Console Errors found: ${consoleErrors.join(', ')}`;
      53 |                     consoleErrors.length = 0;
    > 54 |                     throw new Error(errorMsg);
         |                           ^
      55 |                 }
      56 |             });
      57 |
        at C:\Users\SOHAN\.gemini\antigravity\playground\nascent-zodiac\qa-i18n\tests\quality-gate.spec.ts:54:27

    attachment #1: screenshot (image/png) ΓöÇΓöÇΓöÇΓöÇΓöÇΓöÇΓöÇΓöÇΓöÇΓöÇΓöÇΓöÇΓöÇΓöÇΓöÇΓöÇΓöÇΓöÇΓöÇΓöÇΓöÇΓöÇΓöÇΓöÇΓöÇΓöÇΓöÇΓöÇΓöÇΓöÇΓöÇΓöÇΓöÇΓöÇΓöÇΓöÇΓöÇΓöÇΓöÇΓöÇΓöÇΓöÇΓöÇΓöÇΓöÇΓöÇΓöÇΓöÇΓöÇΓöÇΓöÇΓöÇΓöÇΓöÇΓöÇΓöÇΓöÇΓöÇ
    test-results\quality-gate-Quality-Gate--4631d-block-load-layout-integrity-chromium\test-failed-1.png
    ΓöÇΓöÇΓöÇΓöÇΓöÇΓöÇΓöÇΓöÇΓöÇΓöÇΓöÇΓöÇΓöÇΓöÇΓöÇΓöÇΓöÇΓöÇΓöÇΓöÇΓöÇΓöÇΓöÇΓöÇΓöÇΓöÇΓöÇΓöÇΓöÇΓöÇΓöÇΓöÇΓöÇΓöÇΓöÇΓöÇΓöÇΓöÇΓöÇΓöÇΓöÇΓöÇΓöÇΓöÇΓöÇΓöÇΓöÇΓöÇΓöÇΓöÇΓöÇΓöÇΓöÇΓöÇΓöÇΓöÇΓöÇΓöÇΓöÇΓöÇΓöÇΓöÇΓöÇΓöÇΓöÇΓöÇΓöÇΓöÇΓöÇΓöÇΓöÇΓöÇΓöÇΓöÇΓöÇΓöÇΓöÇΓöÇΓöÇΓöÇΓöÇΓöÇΓöÇΓöÇΓöÇΓöÇΓöÇΓöÇΓöÇΓöÇΓöÇΓöÇΓöÇΓöÇΓöÇΓöÇ

    Error Context: test-results\quality-gate-Quality-Gate--4631d-block-load-layout-integrity-chromium\error-context.md

  3) [chromium] ΓÇ║ qa-i18n\tests\quality-gate.spec.ts:60:17 ΓÇ║ Quality Gate - Core Navigation & UI ΓÇ║ Locale: fr ΓÇ║ initial block load & layout integrity 

    Error: Console Errors found: Loading the script 'https://va.vercel-scripts.com/v1/script.debug.js' violates the following Content Security Policy directive: "script-src 'self' 'unsafe-inline' https://vercel.live https://*.vercel.live https://vercel.com https://*.vercel.com 'unsafe-eval'". Note that 'script-src-elem' was not explicitly set, so 'script-src' is used as a fallback. The action has been blocked.

      52 |                     const errorMsg = `Console Errors found: ${consoleErrors.join(', ')}`;
      53 |                     consoleErrors.length = 0;
    > 54 |                     throw new Error(errorMsg);
         |                           ^
      55 |                 }
      56 |             });
      57 |
        at C:\Users\SOHAN\.gemini\antigravity\playground\nascent-zodiac\qa-i18n\tests\quality-gate.spec.ts:54:27

    attachment #1: screenshot (image/png) ΓöÇΓöÇΓöÇΓöÇΓöÇΓöÇΓöÇΓöÇΓöÇΓöÇΓöÇΓöÇΓöÇΓöÇΓöÇΓöÇΓöÇΓöÇΓöÇΓöÇΓöÇΓöÇΓöÇΓöÇΓöÇΓöÇΓöÇΓöÇΓöÇΓöÇΓöÇΓöÇΓöÇΓöÇΓöÇΓöÇΓöÇΓöÇΓöÇΓöÇΓöÇΓöÇΓöÇΓöÇΓöÇΓöÇΓöÇΓöÇΓöÇΓöÇΓöÇΓöÇΓöÇΓöÇΓöÇΓöÇΓöÇΓöÇ
    test-results\quality-gate-Quality-Gate--182fe-block-load-layout-integrity-chromium\test-failed-1.png
    ΓöÇΓöÇΓöÇΓöÇΓöÇΓöÇΓöÇΓöÇΓöÇΓöÇΓöÇΓöÇΓöÇΓöÇΓöÇΓöÇΓöÇΓöÇΓöÇΓöÇΓöÇΓöÇΓöÇΓöÇΓöÇΓöÇΓöÇΓöÇΓöÇΓöÇΓöÇΓöÇΓöÇΓöÇΓöÇΓöÇΓöÇΓöÇΓöÇΓöÇΓöÇΓöÇΓöÇΓöÇΓöÇΓöÇΓöÇΓöÇΓöÇΓöÇΓöÇΓöÇΓöÇΓöÇΓöÇΓöÇΓöÇΓöÇΓöÇΓöÇΓöÇΓöÇΓöÇΓöÇΓöÇΓöÇΓöÇΓöÇΓöÇΓöÇΓöÇΓöÇΓöÇΓöÇΓöÇΓöÇΓöÇΓöÇΓöÇΓöÇΓöÇΓöÇΓöÇΓöÇΓöÇΓöÇΓöÇΓöÇΓöÇΓöÇΓöÇΓöÇΓöÇΓöÇΓöÇΓöÇ

    Error Context: test-results\quality-gate-Quality-Gate--182fe-block-load-layout-integrity-chromium\error-context.md

  4) [chromium] ΓÇ║ qa-i18n\tests\quality-gate.spec.ts:60:17 ΓÇ║ Quality Gate - Core Navigation & UI ΓÇ║ Locale: de ΓÇ║ initial block load & layout integrity 

    Error: Console Errors found: Loading the script 'https://va.vercel-scripts.com/v1/script.debug.js' violates the following Content Security Policy directive: "script-src 'self' 'unsafe-inline' https://vercel.live https://*.vercel.live https://vercel.com https://*.vercel.com 'unsafe-eval'". Note that 'script-src-elem' was not explicitly set, so 'script-src' is used as a fallback. The action has been blocked.

      52 |                     const errorMsg = `Console Errors found: ${consoleErrors.join(', ')}`;
      53 |                     consoleErrors.length = 0;
    > 54 |                     throw new Error(errorMsg);
         |                           ^
      55 |                 }
      56 |             });
      57 |
        at C:\Users\SOHAN\.gemini\antigravity\playground\nascent-zodiac\qa-i18n\tests\quality-gate.spec.ts:54:27

    attachment #1: screenshot (image/png) ΓöÇΓöÇΓöÇΓöÇΓöÇΓöÇΓöÇΓöÇΓöÇΓöÇΓöÇΓöÇΓöÇΓöÇΓöÇΓöÇΓöÇΓöÇΓöÇΓöÇΓöÇΓöÇΓöÇΓöÇΓöÇΓöÇΓöÇΓöÇΓöÇΓöÇΓöÇΓöÇΓöÇΓöÇΓöÇΓöÇΓöÇΓöÇΓöÇΓöÇΓöÇΓöÇΓöÇΓöÇΓöÇΓöÇΓöÇΓöÇΓöÇΓöÇΓöÇΓöÇΓöÇΓöÇΓöÇΓöÇΓöÇΓöÇ
    test-results\quality-gate-Quality-Gate--c22dc-block-load-layout-integrity-chromium\test-failed-1.png
    ΓöÇΓöÇΓöÇΓöÇΓöÇΓöÇΓöÇΓöÇΓöÇΓöÇΓöÇΓöÇΓöÇΓöÇΓöÇΓöÇΓöÇΓöÇΓöÇΓöÇΓöÇΓöÇΓöÇΓöÇΓöÇΓöÇΓöÇΓöÇΓöÇΓöÇΓöÇΓöÇΓöÇΓöÇΓöÇΓöÇΓöÇΓöÇΓöÇΓöÇΓöÇΓöÇΓöÇΓöÇΓöÇΓöÇΓöÇΓöÇΓöÇΓöÇΓöÇΓöÇΓöÇΓöÇΓöÇΓöÇΓöÇΓöÇΓöÇΓöÇΓöÇΓöÇΓöÇΓöÇΓöÇΓöÇΓöÇΓöÇΓöÇΓöÇΓöÇΓöÇΓöÇΓöÇΓöÇΓöÇΓöÇΓöÇΓöÇΓöÇΓöÇΓöÇΓöÇΓöÇΓöÇΓöÇΓöÇΓöÇΓöÇΓöÇΓöÇΓöÇΓöÇΓöÇΓöÇΓöÇ

    Error Context: test-results\quality-gate-Quality-Gate--c22dc-block-load-layout-integrity-chromium\error-context.md

  5) [chromium] ΓÇ║ qa-i18n\tests\quality-gate.spec.ts:60:17 ΓÇ║ Quality Gate - Core Navigation & UI ΓÇ║ Locale: zh ΓÇ║ initial block load & layout integrity 

    Error: Console Errors found: Loading the script 'https://va.vercel-scripts.com/v1/script.debug.js' violates the following Content Security Policy directive: "script-src 'self' 'unsafe-inline' https://vercel.live https://*.vercel.live https://vercel.com https://*.vercel.com 'unsafe-eval'". Note that 'script-src-elem' was not explicitly set, so 'script-src' is used as a fallback. The action has been blocked.

      52 |                     const errorMsg = `Console Errors found: ${consoleErrors.join(', ')}`;
      53 |                     consoleErrors.length = 0;
    > 54 |                     throw new Error(errorMsg);
         |                           ^
      55 |                 }
      56 |             });
      57 |
        at C:\Users\SOHAN\.gemini\antigravity\playground\nascent-zodiac\qa-i18n\tests\quality-gate.spec.ts:54:27

    attachment #1: screenshot (image/png) ΓöÇΓöÇΓöÇΓöÇΓöÇΓöÇΓöÇΓöÇΓöÇΓöÇΓöÇΓöÇΓöÇΓöÇΓöÇΓöÇΓöÇΓöÇΓöÇΓöÇΓöÇΓöÇΓöÇΓöÇΓöÇΓöÇΓöÇΓöÇΓöÇΓöÇΓöÇΓöÇΓöÇΓöÇΓöÇΓöÇΓöÇΓöÇΓöÇΓöÇΓöÇΓöÇΓöÇΓöÇΓöÇΓöÇΓöÇΓöÇΓöÇΓöÇΓöÇΓöÇΓöÇΓöÇΓöÇΓöÇΓöÇΓöÇ
    test-results\quality-gate-Quality-Gate--0253a-block-load-layout-integrity-chromium\test-failed-1.png
    ΓöÇΓöÇΓöÇΓöÇΓöÇΓöÇΓöÇΓöÇΓöÇΓöÇΓöÇΓöÇΓöÇΓöÇΓöÇΓöÇΓöÇΓöÇΓöÇΓöÇΓöÇΓöÇΓöÇΓöÇΓöÇΓöÇΓöÇΓöÇΓöÇΓöÇΓöÇΓöÇΓöÇΓöÇΓöÇΓöÇΓöÇΓöÇΓöÇΓöÇΓöÇΓöÇΓöÇΓöÇΓöÇΓöÇΓöÇΓöÇΓöÇΓöÇΓöÇΓöÇΓöÇΓöÇΓöÇΓöÇΓöÇΓöÇΓöÇΓöÇΓöÇΓöÇΓöÇΓöÇΓöÇΓöÇΓöÇΓöÇΓöÇΓöÇΓöÇΓöÇΓöÇΓöÇΓöÇΓöÇΓöÇΓöÇΓöÇΓöÇΓöÇΓöÇΓöÇΓöÇΓöÇΓöÇΓöÇΓöÇΓöÇΓöÇΓöÇΓöÇΓöÇΓöÇΓöÇΓöÇ

    Error Context: test-results\quality-gate-Quality-Gate--0253a-block-load-layout-integrity-chromium\error-context.md

  6) [chromium] ΓÇ║ qa-i18n\tests\quality-gate.spec.ts:60:17 ΓÇ║ Quality Gate - Core Navigation & UI ΓÇ║ Locale: hi ΓÇ║ initial block load & layout integrity 

    Error: Console Errors found: Loading the script 'https://va.vercel-scripts.com/v1/script.debug.js' violates the following Content Security Policy directive: "script-src 'self' 'unsafe-inline' https://vercel.live https://*.vercel.live https://vercel.com https://*.vercel.com 'unsafe-eval'". Note that 'script-src-elem' was not explicitly set, so 'script-src' is used as a fallback. The action has been blocked.

      52 |                     const errorMsg = `Console Errors found: ${consoleErrors.join(', ')}`;
      53 |                     consoleErrors.length = 0;
    > 54 |                     throw new Error(errorMsg);
         |                           ^
      55 |                 }
      56 |             });
      57 |
        at C:\Users\SOHAN\.gemini\antigravity\playground\nascent-zodiac\qa-i18n\tests\quality-gate.spec.ts:54:27

    attachment #1: screenshot (image/png) ΓöÇΓöÇΓöÇΓöÇΓöÇΓöÇΓöÇΓöÇΓöÇΓöÇΓöÇΓöÇΓöÇΓöÇΓöÇΓöÇΓöÇΓöÇΓöÇΓöÇΓöÇΓöÇΓöÇΓöÇΓöÇΓöÇΓöÇΓöÇΓöÇΓöÇΓöÇΓöÇΓöÇΓöÇΓöÇΓöÇΓöÇΓöÇΓöÇΓöÇΓöÇΓöÇΓöÇΓöÇΓöÇΓöÇΓöÇΓöÇΓöÇΓöÇΓöÇΓöÇΓöÇΓöÇΓöÇΓöÇΓöÇΓöÇ
    test-results\quality-gate-Quality-Gate--9ac21-block-load-layout-integrity-chromium\test-failed-1.png
    ΓöÇΓöÇΓöÇΓöÇΓöÇΓöÇΓöÇΓöÇΓöÇΓöÇΓöÇΓöÇΓöÇΓöÇΓöÇΓöÇΓöÇΓöÇΓöÇΓöÇΓöÇΓöÇΓöÇΓöÇΓöÇΓöÇΓöÇΓöÇΓöÇΓöÇΓöÇΓöÇΓöÇΓöÇΓöÇΓöÇΓöÇΓöÇΓöÇΓöÇΓöÇΓöÇΓöÇΓöÇΓöÇΓöÇΓöÇΓöÇΓöÇΓöÇΓöÇΓöÇΓöÇΓöÇΓöÇΓöÇΓöÇΓöÇΓöÇΓöÇΓöÇΓöÇΓöÇΓöÇΓöÇΓöÇΓöÇΓöÇΓöÇΓöÇΓöÇΓöÇΓöÇΓöÇΓöÇΓöÇΓöÇΓöÇΓöÇΓöÇΓöÇΓöÇΓöÇΓöÇΓöÇΓöÇΓöÇΓöÇΓöÇΓöÇΓöÇΓöÇΓöÇΓöÇΓöÇΓöÇ

    Error Context: test-results\quality-gate-Quality-Gate--9ac21-block-load-layout-integrity-chromium\error-context.md

  7) [chromium] ΓÇ║ qa-i18n\tests\quality-gate.spec.ts:60:17 ΓÇ║ Quality Gate - Core Navigation & UI ΓÇ║ Locale: ja ΓÇ║ initial block load & layout integrity 

    Error: Console Errors found: Loading the script 'https://va.vercel-scripts.com/v1/script.debug.js' violates the following Content Security Policy directive: "script-src 'self' 'unsafe-inline' https://vercel.live https://*.vercel.live https://vercel.com https://*.vercel.com 'unsafe-eval'". Note that 'script-src-elem' was not explicitly set, so 'script-src' is used as a fallback. The action has been blocked.

      52 |                     const errorMsg = `Console Errors found: ${consoleErrors.join(', ')}`;
      53 |                     consoleErrors.length = 0;
    > 54 |                     throw new Error(errorMsg);
         |                           ^
      55 |                 }
      56 |             });
      57 |
        at C:\Users\SOHAN\.gemini\antigravity\playground\nascent-zodiac\qa-i18n\tests\quality-gate.spec.ts:54:27

    attachment #1: screenshot (image/png) ΓöÇΓöÇΓöÇΓöÇΓöÇΓöÇΓöÇΓöÇΓöÇΓöÇΓöÇΓöÇΓöÇΓöÇΓöÇΓöÇΓöÇΓöÇΓöÇΓöÇΓöÇΓöÇΓöÇΓöÇΓöÇΓöÇΓöÇΓöÇΓöÇΓöÇΓöÇΓöÇΓöÇΓöÇΓöÇΓöÇΓöÇΓöÇΓöÇΓöÇΓöÇΓöÇΓöÇΓöÇΓöÇΓöÇΓöÇΓöÇΓöÇΓöÇΓöÇΓöÇΓöÇΓöÇΓöÇΓöÇΓöÇΓöÇ
    test-results\quality-gate-Quality-Gate--381fe-block-load-layout-integrity-chromium\test-failed-1.png
    ΓöÇΓöÇΓöÇΓöÇΓöÇΓöÇΓöÇΓöÇΓöÇΓöÇΓöÇΓöÇΓöÇΓöÇΓöÇΓöÇΓöÇΓöÇΓöÇΓöÇΓöÇΓöÇΓöÇΓöÇΓöÇΓöÇΓöÇΓöÇΓöÇΓöÇΓöÇΓöÇΓöÇΓöÇΓöÇΓöÇΓöÇΓöÇΓöÇΓöÇΓöÇΓöÇΓöÇΓöÇΓöÇΓöÇΓöÇΓöÇΓöÇΓöÇΓöÇΓöÇΓöÇΓöÇΓöÇΓöÇΓöÇΓöÇΓöÇΓöÇΓöÇΓöÇΓöÇΓöÇΓöÇΓöÇΓöÇΓöÇΓöÇΓöÇΓöÇΓöÇΓöÇΓöÇΓöÇΓöÇΓöÇΓöÇΓöÇΓöÇΓöÇΓöÇΓöÇΓöÇΓöÇΓöÇΓöÇΓöÇΓöÇΓöÇΓöÇΓöÇΓöÇΓöÇΓöÇΓöÇ

    Error Context: test-results\quality-gate-Quality-Gate--381fe-block-load-layout-integrity-chromium\error-context.md

  8) [chromium] ΓÇ║ qa-i18n\tests\quality-gate.spec.ts:60:17 ΓÇ║ Quality Gate - Core Navigation & UI ΓÇ║ Locale: ko ΓÇ║ initial block load & layout integrity 

    Error: Console Errors found: Loading the script 'https://va.vercel-scripts.com/v1/script.debug.js' violates the following Content Security Policy directive: "script-src 'self' 'unsafe-inline' https://vercel.live https://*.vercel.live https://vercel.com https://*.vercel.com 'unsafe-eval'". Note that 'script-src-elem' was not explicitly set, so 'script-src' is used as a fallback. The action has been blocked.

      52 |                     const errorMsg = `Console Errors found: ${consoleErrors.join(', ')}`;
      53 |                     consoleErrors.length = 0;
    > 54 |                     throw new Error(errorMsg);
         |                           ^
      55 |                 }
      56 |             });
      57 |
        at C:\Users\SOHAN\.gemini\antigravity\playground\nascent-zodiac\qa-i18n\tests\quality-gate.spec.ts:54:27

    attachment #1: screenshot (image/png) ΓöÇΓöÇΓöÇΓöÇΓöÇΓöÇΓöÇΓöÇΓöÇΓöÇΓöÇΓöÇΓöÇΓöÇΓöÇΓöÇΓöÇΓöÇΓöÇΓöÇΓöÇΓöÇΓöÇΓöÇΓöÇΓöÇΓöÇΓöÇΓöÇΓöÇΓöÇΓöÇΓöÇΓöÇΓöÇΓöÇΓöÇΓöÇΓöÇΓöÇΓöÇΓöÇΓöÇΓöÇΓöÇΓöÇΓöÇΓöÇΓöÇΓöÇΓöÇΓöÇΓöÇΓöÇΓöÇΓöÇΓöÇΓöÇ
    test-results\quality-gate-Quality-Gate--cd59f-block-load-layout-integrity-chromium\test-failed-1.png
    ΓöÇΓöÇΓöÇΓöÇΓöÇΓöÇΓöÇΓöÇΓöÇΓöÇΓöÇΓöÇΓöÇΓöÇΓöÇΓöÇΓöÇΓöÇΓöÇΓöÇΓöÇΓöÇΓöÇΓöÇΓöÇΓöÇΓöÇΓöÇΓöÇΓöÇΓöÇΓöÇΓöÇΓöÇΓöÇΓöÇΓöÇΓöÇΓöÇΓöÇΓöÇΓöÇΓöÇΓöÇΓöÇΓöÇΓöÇΓöÇΓöÇΓöÇΓöÇΓöÇΓöÇΓöÇΓöÇΓöÇΓöÇΓöÇΓöÇΓöÇΓöÇΓöÇΓöÇΓöÇΓöÇΓöÇΓöÇΓöÇΓöÇΓöÇΓöÇΓöÇΓöÇΓöÇΓöÇΓöÇΓöÇΓöÇΓöÇΓöÇΓöÇΓöÇΓöÇΓöÇΓöÇΓöÇΓöÇΓöÇΓöÇΓöÇΓöÇΓöÇΓöÇΓöÇΓöÇΓöÇ

    Error Context: test-results\quality-gate-Quality-Gate--cd59f-block-load-layout-integrity-chromium\error-context.md

  8 failed
    [chromium] ΓÇ║ qa-i18n\tests\quality-gate.spec.ts:60:17 ΓÇ║ Quality Gate - Core Navigation & UI ΓÇ║ Locale: en ΓÇ║ initial block load & layout integrity 
    [chromium] ΓÇ║ qa-i18n\tests\quality-gate.spec.ts:60:17 ΓÇ║ Quality Gate - Core Navigation & UI ΓÇ║ Locale: es ΓÇ║ initial block load & layout integrity 
    [chromium] ΓÇ║ qa-i18n\tests\quality-gate.spec.ts:60:17 ΓÇ║ Quality Gate - Core Navigation & UI ΓÇ║ Locale: fr ΓÇ║ initial block load & layout integrity 
    [chromium] ΓÇ║ qa-i18n\tests\quality-gate.spec.ts:60:17 ΓÇ║ Quality Gate - Core Navigation & UI ΓÇ║ Locale: de ΓÇ║ initial block load & layout integrity 
    [chromium] ΓÇ║ qa-i18n\tests\quality-gate.spec.ts:60:17 ΓÇ║ Quality Gate - Core Navigation & UI ΓÇ║ Locale: zh ΓÇ║ initial block load & layout integrity 
    [chromium] ΓÇ║ qa-i18n\tests\quality-gate.spec.ts:60:17 ΓÇ║ Quality Gate - Core Navigation & UI ΓÇ║ Locale: hi ΓÇ║ initial block load & layout integrity 
    [chromium] ΓÇ║ qa-i18n\tests\quality-gate.spec.ts:60:17 ΓÇ║ Quality Gate - Core Navigation & UI ΓÇ║ Locale: ja ΓÇ║ initial block load & layout integrity 
    [chromium] ΓÇ║ qa-i18n\tests\quality-gate.spec.ts:60:17 ΓÇ║ Quality Gate - Core Navigation & UI ΓÇ║ Locale: ko ΓÇ║ initial block load & layout integrity 
