
Running 8 tests using 1 worker

  Γ£ÿ  1 qa-i18n\tests\quality-gate.spec.ts:60:17 ΓÇ║ Quality Gate - Core Navigation & UI ΓÇ║ Locale: en ΓÇ║ initial block load & layout integrity (3.4s)
  Γ£ÿ  2 qa-i18n\tests\quality-gate.spec.ts:60:17 ΓÇ║ Quality Gate - Core Navigation & UI ΓÇ║ Locale: es ΓÇ║ initial block load & layout integrity (3.5s)
  Γ£ÿ  3 qa-i18n\tests\quality-gate.spec.ts:60:17 ΓÇ║ Quality Gate - Core Navigation & UI ΓÇ║ Locale: fr ΓÇ║ initial block load & layout integrity (3.4s)
  Γ£ÿ  4 qa-i18n\tests\quality-gate.spec.ts:60:17 ΓÇ║ Quality Gate - Core Navigation & UI ΓÇ║ Locale: de ΓÇ║ initial block load & layout integrity (3.4s)
  Γ£ÿ  5 qa-i18n\tests\quality-gate.spec.ts:60:17 ΓÇ║ Quality Gate - Core Navigation & UI ΓÇ║ Locale: zh ΓÇ║ initial block load & layout integrity (3.5s)
  Γ£ÿ  6 qa-i18n\tests\quality-gate.spec.ts:60:17 ΓÇ║ Quality Gate - Core Navigation & UI ΓÇ║ Locale: hi ΓÇ║ initial block load & layout integrity (3.4s)
  Γ£ÿ  7 qa-i18n\tests\quality-gate.spec.ts:60:17 ΓÇ║ Quality Gate - Core Navigation & UI ΓÇ║ Locale: ja ΓÇ║ initial block load & layout integrity (3.4s)
  Γ£ÿ  8 qa-i18n\tests\quality-gate.spec.ts:60:17 ΓÇ║ Quality Gate - Core Navigation & UI ΓÇ║ Locale: ko ΓÇ║ initial block load & layout integrity (3.4s)


  1) qa-i18n\tests\quality-gate.spec.ts:60:17 ΓÇ║ Quality Gate - Core Navigation & UI ΓÇ║ Locale: en ΓÇ║ initial block load & layout integrity 

    Error: page.goto: net::ERR_CONNECTION_REFUSED at http://localhost:3000/en
    Call log:
    [2m  - navigating to "http://localhost:3000/en", waiting until "load"[22m


      60 |             test('initial block load & layout integrity', async ({ page, baseURL }) => {
      61 |                 const HOST = baseURL || 'http://localhost:3000';
    > 62 |                 await page.goto(`${HOST}/${locale}`);
         |                            ^
      63 |
      64 |                 // Check for core elements
      65 |                 await expect(page.locator('header')).toBeVisible();
        at C:\Users\SOHAN\.gemini\antigravity\playground\nascent-zodiac\qa-i18n\tests\quality-gate.spec.ts:62:28

  2) qa-i18n\tests\quality-gate.spec.ts:60:17 ΓÇ║ Quality Gate - Core Navigation & UI ΓÇ║ Locale: es ΓÇ║ initial block load & layout integrity 

    Error: page.goto: net::ERR_CONNECTION_REFUSED at http://localhost:3000/es
    Call log:
    [2m  - navigating to "http://localhost:3000/es", waiting until "load"[22m


      60 |             test('initial block load & layout integrity', async ({ page, baseURL }) => {
      61 |                 const HOST = baseURL || 'http://localhost:3000';
    > 62 |                 await page.goto(`${HOST}/${locale}`);
         |                            ^
      63 |
      64 |                 // Check for core elements
      65 |                 await expect(page.locator('header')).toBeVisible();
        at C:\Users\SOHAN\.gemini\antigravity\playground\nascent-zodiac\qa-i18n\tests\quality-gate.spec.ts:62:28

  3) qa-i18n\tests\quality-gate.spec.ts:60:17 ΓÇ║ Quality Gate - Core Navigation & UI ΓÇ║ Locale: fr ΓÇ║ initial block load & layout integrity 

    Error: page.goto: net::ERR_CONNECTION_REFUSED at http://localhost:3000/fr
    Call log:
    [2m  - navigating to "http://localhost:3000/fr", waiting until "load"[22m


      60 |             test('initial block load & layout integrity', async ({ page, baseURL }) => {
      61 |                 const HOST = baseURL || 'http://localhost:3000';
    > 62 |                 await page.goto(`${HOST}/${locale}`);
         |                            ^
      63 |
      64 |                 // Check for core elements
      65 |                 await expect(page.locator('header')).toBeVisible();
        at C:\Users\SOHAN\.gemini\antigravity\playground\nascent-zodiac\qa-i18n\tests\quality-gate.spec.ts:62:28

  4) qa-i18n\tests\quality-gate.spec.ts:60:17 ΓÇ║ Quality Gate - Core Navigation & UI ΓÇ║ Locale: de ΓÇ║ initial block load & layout integrity 

    Error: page.goto: net::ERR_CONNECTION_REFUSED at http://localhost:3000/de
    Call log:
    [2m  - navigating to "http://localhost:3000/de", waiting until "load"[22m


      60 |             test('initial block load & layout integrity', async ({ page, baseURL }) => {
      61 |                 const HOST = baseURL || 'http://localhost:3000';
    > 62 |                 await page.goto(`${HOST}/${locale}`);
         |                            ^
      63 |
      64 |                 // Check for core elements
      65 |                 await expect(page.locator('header')).toBeVisible();
        at C:\Users\SOHAN\.gemini\antigravity\playground\nascent-zodiac\qa-i18n\tests\quality-gate.spec.ts:62:28

  5) qa-i18n\tests\quality-gate.spec.ts:60:17 ΓÇ║ Quality Gate - Core Navigation & UI ΓÇ║ Locale: zh ΓÇ║ initial block load & layout integrity 

    Error: page.goto: net::ERR_CONNECTION_REFUSED at http://localhost:3000/zh
    Call log:
    [2m  - navigating to "http://localhost:3000/zh", waiting until "load"[22m


      60 |             test('initial block load & layout integrity', async ({ page, baseURL }) => {
      61 |                 const HOST = baseURL || 'http://localhost:3000';
    > 62 |                 await page.goto(`${HOST}/${locale}`);
         |                            ^
      63 |
      64 |                 // Check for core elements
      65 |                 await expect(page.locator('header')).toBeVisible();
        at C:\Users\SOHAN\.gemini\antigravity\playground\nascent-zodiac\qa-i18n\tests\quality-gate.spec.ts:62:28

  6) qa-i18n\tests\quality-gate.spec.ts:60:17 ΓÇ║ Quality Gate - Core Navigation & UI ΓÇ║ Locale: hi ΓÇ║ initial block load & layout integrity 

    Error: page.goto: net::ERR_CONNECTION_REFUSED at http://localhost:3000/hi
    Call log:
    [2m  - navigating to "http://localhost:3000/hi", waiting until "load"[22m


      60 |             test('initial block load & layout integrity', async ({ page, baseURL }) => {
      61 |                 const HOST = baseURL || 'http://localhost:3000';
    > 62 |                 await page.goto(`${HOST}/${locale}`);
         |                            ^
      63 |
      64 |                 // Check for core elements
      65 |                 await expect(page.locator('header')).toBeVisible();
        at C:\Users\SOHAN\.gemini\antigravity\playground\nascent-zodiac\qa-i18n\tests\quality-gate.spec.ts:62:28

  7) qa-i18n\tests\quality-gate.spec.ts:60:17 ΓÇ║ Quality Gate - Core Navigation & UI ΓÇ║ Locale: ja ΓÇ║ initial block load & layout integrity 

    Error: page.goto: net::ERR_CONNECTION_REFUSED at http://localhost:3000/ja
    Call log:
    [2m  - navigating to "http://localhost:3000/ja", waiting until "load"[22m


      60 |             test('initial block load & layout integrity', async ({ page, baseURL }) => {
      61 |                 const HOST = baseURL || 'http://localhost:3000';
    > 62 |                 await page.goto(`${HOST}/${locale}`);
         |                            ^
      63 |
      64 |                 // Check for core elements
      65 |                 await expect(page.locator('header')).toBeVisible();
        at C:\Users\SOHAN\.gemini\antigravity\playground\nascent-zodiac\qa-i18n\tests\quality-gate.spec.ts:62:28

  8) qa-i18n\tests\quality-gate.spec.ts:60:17 ΓÇ║ Quality Gate - Core Navigation & UI ΓÇ║ Locale: ko ΓÇ║ initial block load & layout integrity 

    Error: page.goto: net::ERR_CONNECTION_REFUSED at http://localhost:3000/ko
    Call log:
    [2m  - navigating to "http://localhost:3000/ko", waiting until "load"[22m


      60 |             test('initial block load & layout integrity', async ({ page, baseURL }) => {
      61 |                 const HOST = baseURL || 'http://localhost:3000';
    > 62 |                 await page.goto(`${HOST}/${locale}`);
         |                            ^
      63 |
      64 |                 // Check for core elements
      65 |                 await expect(page.locator('header')).toBeVisible();
        at C:\Users\SOHAN\.gemini\antigravity\playground\nascent-zodiac\qa-i18n\tests\quality-gate.spec.ts:62:28

  8 failed
    qa-i18n\tests\quality-gate.spec.ts:60:17 ΓÇ║ Quality Gate - Core Navigation & UI ΓÇ║ Locale: en ΓÇ║ initial block load & layout integrity 
    qa-i18n\tests\quality-gate.spec.ts:60:17 ΓÇ║ Quality Gate - Core Navigation & UI ΓÇ║ Locale: es ΓÇ║ initial block load & layout integrity 
    qa-i18n\tests\quality-gate.spec.ts:60:17 ΓÇ║ Quality Gate - Core Navigation & UI ΓÇ║ Locale: fr ΓÇ║ initial block load & layout integrity 
    qa-i18n\tests\quality-gate.spec.ts:60:17 ΓÇ║ Quality Gate - Core Navigation & UI ΓÇ║ Locale: de ΓÇ║ initial block load & layout integrity 
    qa-i18n\tests\quality-gate.spec.ts:60:17 ΓÇ║ Quality Gate - Core Navigation & UI ΓÇ║ Locale: zh ΓÇ║ initial block load & layout integrity 
    qa-i18n\tests\quality-gate.spec.ts:60:17 ΓÇ║ Quality Gate - Core Navigation & UI ΓÇ║ Locale: hi ΓÇ║ initial block load & layout integrity 
    qa-i18n\tests\quality-gate.spec.ts:60:17 ΓÇ║ Quality Gate - Core Navigation & UI ΓÇ║ Locale: ja ΓÇ║ initial block load & layout integrity 
    qa-i18n\tests\quality-gate.spec.ts:60:17 ΓÇ║ Quality Gate - Core Navigation & UI ΓÇ║ Locale: ko ΓÇ║ initial block load & layout integrity 
